$CORZ: possibly delisted; no price data found  (period=730d) (Yahoo error = "1h data not available for startTime=1706106600 and endTime=1784467350. The requested range must be within the last 730 days.")

1 Failed download:
['CORZ']: possibly delisted; no price data found  (period=730d) (Yahoo error = "1h data not available for startTime=1706106600 and endTime=1784467350. The requested range must be within the last 730 days.")
universe: 37
processed 20/37, events 4016
$GEV: possibly delisted; no price data found  (period=730d) (Yahoo error = "1h data not available for startTime=1711546200 and endTime=1784467354. The requested range must be within the last 730 days.")

1 Failed download:
['GEV']: possibly delisted; no price data found  (period=730d) (Yahoo error = "1h data not available for startTime=1711546200 and endTime=1784467354. The requested range must be within the last 730 days.")
processed 37/37, events 7318
{
 "NORMAL": {
  "TOP": {
   "n": 299,
   "median": 0.491,
   "mean": 1.294,
   "win_rate": 54.8,
   "p_le_m2": 22.1,
   "p_ge_2": 29.8
  },
  "BOTTOM": {
   "n": 315,
   "median": 0.368,
   "mean": 0.961,
   "win_rate": 56.5,
   "p_le_m2": 22.5,
   "p_ge_2": 32.1
  },
  "CTRL": {
   "n": 5249,
   "median": 0.404,
   "mean": 0.896,
   "win_rate": 55.5,
   "p_le_m2": 23.4,
   "p_ge_2": 30.6
  }
 },
 "PARABOLIC": {
  "TOP": {
   "n": 33,
   "median": 1.601,
   "mean": 1.532,
   "win_rate": 63.6,
   "p_le_m2": 21.2,
   "p_ge_2": 36.4
  },
  "BOTTOM": {
   "n": 85,
   "median": 0.034,
   "mean": 0.918,
   "win_rate": 50.6,
   "p_le_m2": 27.1,
   "p_ge_2": 31.8
  },
  "CTRL": {
   "n": 1283,
   "median": 0.671,
   "mean": 0.748,
   "win_rate": 55.5,
   "p_le_m2": 26.7,
   "p_ge_2": 34.9
  }
 }
}
status=ok
